[Bootstrap]
SetupTitle=Instalar
SetupText=Copiando archivos, espere.
CabFile=Gestio1.CAB
Spawn=Setup1.exe
Uninstal=st6unst.exe
TmpDir=msftqws.pdw
Cabs=12

[Bootstrap Files]
File1=@VB6STKIT.DLL,$(WinSysPathSysFile),,,7/15/00 12:00:00 AM,101888,6.0.84.50
File2=@COMCAT.DLL,$(WinSysPathSysFile),$(DLLSelfRegister),,6/1/98 12:00:00 AM,22288,4.71.1460.1
File3=@VB6ES.DLL,$(WinSysPath),,$(Shared),10/2/00 12:00:00 AM,119568,6.0.89.88
File4=@STDOLE2.TLB,$(WinSysPathSysFile),$(TLBRegister),,6/3/99 12:00:00 AM,17920,2.40.4275.1
File5=@ASYCFILT.DLL,$(WinSysPathSysFile),,,3/8/99 12:00:00 AM,147728,2.40.4275.1
File6=@OLEPRO32.DLL,$(WinSysPathSysFile),$(DLLSelfRegister),,3/8/99 12:00:00 AM,164112,5.0.4275.1
File7=@OLEAUT32.DLL,$(WinSysPathSysFile),$(DLLSelfRegister),,4/12/00 12:00:00 AM,598288,2.40.4275.1
File8=@msvbvm60.dll,$(WinSysPathSysFile),$(DLLSelfRegister),,4/14/08 4:48:30 AM,1384479,6.0.98.2

[IconGroups]
Group0=Ds Gestion
PrivateGroup0=-1
Parent0=$(Programs)

[Ds Gestion]
Icon1=""Gestion Server.exe""
Title1=Ds Gestion
StartIn1=$(AppPath)

[Setup]
Title=Ds Gestion
DefaultDir=C:\Ds Gestion
AppExe=Gestion Server.exe
AppToUninstall=Gestion Server.exe

[Setup1 Files]
File1=@scrrun.dll,$(WinSysPath),$(DLLSelfRegister),$(Shared),8/24/01 10:00:00 AM,147483,5.6.0.6626
File2=@scrrnes.dll,$(WinSysPath),,$(Shared),8/24/01 10:00:00 AM,24626,5.6.0.6626
File3=@sscsdk80.dll,$(WinSysPath),,$(Shared),2/13/00 7:52:40 PM,974848,2.1.8.9
File4=@pg32conv.dll,$(WinSysPath),,$(Shared),9/22/99 2:03:54 AM,100352,0.0.0.0
File5=@p3smnes.dll,$(WinSysPath),,$(Shared),3/3/00 1:52:26 AM,36864,8.0.0.15
File6=@P2smon.dll,$(WinSysPath),,$(Shared),2/29/00 9:34:26 PM,147456,8.0.0.15
File7=@msvcrt.dll,$(WinSysPath),,$(Shared),8/24/01 10:00:00 AM,322560,7.0.2600.0
File8=@MDAC_TYP.EXE,$(WinSysPath),,$(Shared),8/7/98 12:00:00 AM,6477888,4.72.3110.0
File9=@Implode.dll,$(WinSysPath),,$(Shared),12/6/99 7:31:22 PM,17920,0.0.0.0
File10=@Crpaig80.dll,$(WinSysPath),,$(Shared),2/14/00 4:20:40 AM,618496,8.0.1.1
File11=@Conex.udl,$(AppPath),,$(Shared),3/28/12 2:59:23 PM,410,0.0.0.0
File12=@CMDLGES.DLL,$(WinSysPath),,$(Shared),7/28/98 12:00:00 AM,33280,6.0.81.63
File13=@Comdlg32.ocx,$(WinSysPath),$(DLLSelfRegister),$(Shared),5/6/99 11:00:00 AM,140288,6.0.84.18
File14=@MSCOMES.DLL,$(WinSysPath),,$(Shared),7/28/98 12:00:00 AM,14336,6.0.81.63
File15=@MSCOMM32.OCX,$(WinSysPath),$(DLLSelfRegister),$(Shared),6/24/98 12:00:00 AM,103744,6.0.81.69
File16=@MSCC2ES.DLL,$(WinSysPath),,$(Shared),7/28/98 12:00:00 AM,60928,6.0.81.63
File17=@MSCOMCT2.OCX,$(WinSysPath),$(DLLSelfRegister),$(Shared),5/22/00 12:00:00 AM,647872,6.0.88.4
File18=@MSCMCES.DLL,$(WinSysPath),,$(Shared),7/28/98 12:00:00 AM,140800,6.0.81.63
File19=@MSCOMCTL.OCX,$(WinSysPath),$(DLLSelfRegister),$(Shared),12/20/02 2:02:44 PM,1077336,6.1.95.45
File20=@DATGDES.DLL,$(WinSysPath),,$(Shared),7/28/98 12:00:00 AM,30208,6.0.81.63
File21=@STDFTES.DLL,$(WinSysPath),,$(Shared),7/31/98 12:00:00 AM,6656,6.0.81.63
File22=@MSSTDFMT.DLL,$(WinSysPath),$(DLLSelfRegister),$(Shared),7/15/00 12:00:00 AM,118784,6.0.88.4
File23=@MSDATGRD.OCX,$(WinSysPath),$(DLLSelfRegister),$(Shared),12/6/00 12:00:00 AM,262328,6.0.89.88
File24=@Crxlat32.dll,$(WinSysPath),,$(Shared),3/14/00 8:37:24 PM,24576,8.0.0.0
File25=@sviewhlp.dll,$(WinSysPath),$(DLLSelfRegister),$(Shared),3/16/00 7:54:30 AM,57344,8.0.0.382
File26=@craxddt.dll,$(WinSysPath),$(DLLSelfRegister),$(Shared),2/29/00 9:34:28 PM,8880128,8.0.0.371
File27=@crviewer.dll,$(WinSysPath),$(DLLSelfRegister),$(Shared),3/16/00 7:54:30 AM,548864,8.0.0.387
File28=@msado26.tlb,$(WinSysPath),,$(Shared),11/8/10 9:41:00 AM,81920,2.81.3012.0
File29=@craxdrt.dll,$(WinSysPath),$(DLLSelfRegister),$(Shared),2/29/00 9:34:28 PM,5550080,8.0.0.371
File30=@Fiscal.OCX,$(WinSysPath),$(DLLSelfRegister),$(Shared),12/6/00 12:00:00 AM,262328,6.0.89.88
File31=@WINFIS32.DLL,$(WinSysPath),,$(Shared),7/31/98 12:00:00 AM,6656,6.0.81.63
File32=@Gestion Server.exe,$(AppPath),,$(Shared),3/28/12 4:09:26 PM,6373376,1.0.0.0
File33=@FactBase.csv,$(AppPath),,$(Shared),3/28/12 4:09:26 PM,6373376,1.0.0.0
File34=@factBaseImg.csv,$(AppPath),,$(Shared),3/28/12 4:09:26 PM,6373376,1.0.0.0
File35=@factBaseImg06.csv,$(AppPath),,$(Shared),3/28/12 4:09:26 PM,6373376,1.0.0.0
File36=@FactBase06.csv,$(AppPath),,$(Shared),3/28/12 4:09:26 PM,6373376,1.0.0.0
File37=@Importador.mdb,$(AppPath),,$(Shared),3/28/12 4:09:26 PM,6373376,1.0.0.0
File38=@IFEpson.ocx,$(WinSysPath),$(DLLSelfRegister),$(Shared),12/6/00 12:00:00 AM,262328,6.0.89.88
File39=@EpsonFPHostControlX.ocx,$(WinSysPath),$(DLLSelfRegister),$(Shared),12/6/00 12:00:00 AM,262328,6.0.89.88
File40=@Consulta.sql,$(AppPath),,$(Shared),3/28/12 4:09:26 PM,6373376,1.0.0.0

; Puede eliminar las siguientes líneas para obtener espacio adicional 
; con el fin de personalizar este archivo en un disco de instalación completa.
; 
; XXXXXXXXXXXXXXXXXXXXXXXXXXXXXXXXXXXXXXXXXXXXXXXXXXXXXXXXXXXX
; XXXXXXXXXXXXXXXXXXXXXXXXXXXXXXXXXXXXXXXXXXXXXXXXXXXXXXXXXXXX
; XXXXXXXXXXXXXXXXXXXXXXXXXXXXXXXXXXXXXXXXXXXXXXXXXXXXXXXXXXXX
; XXXXXXXXXXXXXXXXXXXXXXXXXXXXXXXXXXXXXXXXXXXXXXXXXXXXXXXXXXXX
; XXXXXXXXXXXXXXXXXXXXXXXXXXXXXXXXXXXXXXXXXXXXXXXXXXXXXXXXXXXX
; XXXXXXXXXXXXXXXXXXXXXXXXXXXXXXXXXXXXXXXXXXXXXXXXXXXXXXXXXXXX
; XXXXXXXXXXXXXXXXXXXXXXXXXXXXXXXXXXXXXXXXXXXXXXXXXXXXXXXXXXXX
; XXXXXXXXXXXXXXXXXXXXXXXXXXXXXXXXXXXXXXXXXXXXXXXXXXXXXXXXXXXX
; XXXXXXXXXXXXXXXXXXXXXXXXXXXXXXXXXXXXXXXXXXXXXXXXXXXXXXXXXXXX
; XXXXXXXXXXXXXXXXXXXXXXXXXXXXXXXXXXXXXXXXXXXXXXXXXXXXXXXXXXXX
; XXXXXXXXXXXXXXXXXXXXXXXXXXXXXXXXXXXXXXXXXXXXXXXXXXXXXXXXXXXX
; XXXXXXXXXXXXXXXXXXXXXXXXXXXXXXXXXXXXXXXXXXXXXXXXXXXXXXXXXXXX
; XXXXXXXXXXXXXXXXXXXXXXXXXXXXXXXXXXXXXXXXXXXXXXXXXXXXXXXXXXXX
; XXXXXXXXXXXXXXXXXXXXXXXXXXXXXXXXXXXXXXXXXXXXXXXXXXXXXXXXXXXX
; XXXXXXXXXXXXXXXXXXXXXXXXXXXXXXXXXXXXXXXXXXXXXXXXXXXXXXXXXXXX
; XXXXXXXXXXXXXXXXXXXXXXXXXXXXXXXXXXXXXXXXXXXXXXXXXXXXXXXXXXXX
; XXXXXXXXXXXXXXXXXXXXXXXXXXXXXXXXXXXXXXXXXXXXXXXXXXXXXXXXXXXX
; XXXXXXXXXXXXXXXXXXXXXXXXXXXXXXXXXXXXXXXXXXXXXXXXXXXXXXXXXXXX
; XXXXXXXXXXXXXXXXXXXXXXXXXXXXXXXXXXXXXXXXXXXXXXXXXXXXXXXXXXXX
; XXXXXXXXXXXXXXXXXXXXXXXXXXXXXXXXXXXXXXXXXXXXXXXXXXXXXXXXXXXX
; XXXXXXXXXXXXXXXXXXXXXXXXXXXXXXXXXXXXXXXXXXXXXXXXXXXXXXXXXXXX
; XXXXXXXXXXXXXXXXXXXXXXXXXXXXXXXXXXXXXXXXXXXXXXXXXXXXXXXXXXXX
; XXXXXXXXXXXXXXXXXXXXXXXXXXXXXXXXXXXXXXXXXXXXXXXXXXXXXXXXXXXX
; XXXXXXXXXXXXXXXXXXXXXXXXXXXXXXXXXXXXXXXXXXXXXXXXXXXXXXXXXXXX
; XXXXXXXXXXXXXXXXXXXXXXXXXXXXXXXXXXXXXXXXXXXXXXXXXXXXXXXXXXXX
; XXXXXXXXXXXXXXXXXXXXXXXXXXXXXXXXXXXXXXXXXXXXXXXXXXXXXXXXXXXX
; XXXXXXXXXXXXXXXXXXXXXXXXXXXXXXXXXXXXXXXXXXXXXXXXXXXXXXXXXXXX
; XXXXXXXXXXXXXXXXXXXXXXXXXXXXXXXXXXXXXXXXXXXXXXXXXXXXXXXXXXXX
; XXXXXXXXXXXXXXXXXXXXXXXXXXXXXXXXXXXXXXXXXXXXXXXXXXXXXXXXXXXX
; XXXXXXXXXXXXXXXXXXXXXXXXXXXXXXXXXXXXXXXXXXXXXXXXXXXXXXXXXXXX
; XXXXXXXXXXXXXXXXXXXXXXXXXXXXXXXXXXXXXXXXXXXXXXXXXXXXXXXXXXXX
; XXXXXXXXXXXXXXXXXXXXXXXXXXXXXXXXXXXXXXXXXXXXXXXXXXXXXXXXXXXX
; XXXXXXXXXXXXXXXXXXXXXXXXXXXXXXXXXXXXXXXXXXXXXXXXXXXXXXXXXXXX
; XXXXXXXXXXXXXXXXXXXXXXXXXXXXXXXXXXXXXXXXXXXXXXXXXXXXXXXXXXXX
; XXXXXXXXXXXXXXXXXXXXXXXXXXXXXXXXXXXXXXXXXXXXXXXXXXXXXXXXXXXX
